This file contains any messages produced by compilers while
running configure, to aid debugging if configure makes a mistake.

It was created by GNU MP configure 6.1.2, which was
generated by GNU Autoconf 2.69.  Invocation command line was

  $ ./configure --disable-assembly --host=wasm32-wasi --enable-cxx --prefix=/home/rboudrouss/Documents/mopsa-wasm/libs

## --------- ##
## Platform. ##
## --------- ##

hostname = hexrboud
uname -m = x86_64
uname -r = 6.18.5-arch1-1
uname -s = Linux
uname -v = #1 SMP PREEMPT_DYNAMIC Sun, 11 Jan 2026 17:10:53 +0000

/usr/bin/uname -p = unknown
/bin/uname -X     = unknown

/bin/arch              = unknown
/usr/bin/arch -k       = unknown
/usr/convex/getsysinfo = unknown
/usr/bin/hostinfo      = unknown
/bin/machine           = unknown
/usr/bin/oslevel       = unknown
/bin/universe          = unknown

PATH: /home/rboudrouss/.opam/ocaml-base-compiler.4.12.0/bin
PATH: /opt/wasi-sdk/bin
PATH: /opt/emsdk
PATH: /opt/emsdk/upstream/emscripten
PATH: /opt/wasi-sdk/bin
PATH: /home/rboudrouss/.nvm/versions/node/v20.19.6/bin
PATH: /usr/local/sbin
PATH: /usr/local/bin
PATH: /usr/bin
PATH: /usr/lib/jvm/default/bin
PATH: /usr/bin/site_perl
PATH: /usr/bin/vendor_perl
PATH: /usr/bin/core_perl
PATH: /usr/lib/rustup/bin


## ----------- ##
## Core tests. ##
## ----------- ##

configure:3055: checking build system type
configure:3069: result: x86_64-pc-linux-gnu
configure:3089: checking host system type
configure:3098: error: /bin/sh ./config.sub wasm32-wasi failed

## ---------------- ##
## Cache variables. ##
## ---------------- ##

ac_cv_build=x86_64-pc-linux-gnu
ac_cv_env_ABI_set=
ac_cv_env_ABI_value=
ac_cv_env_CCC_set=
ac_cv_env_CCC_value=
ac_cv_env_CC_FOR_BUILD_set=
ac_cv_env_CC_FOR_BUILD_value=
ac_cv_env_CC_set=set
ac_cv_env_CC_value=/opt/wasi-sdk/bin/clang
ac_cv_env_CFLAGS_set=set
ac_cv_env_CFLAGS_value='--target=wasm32-wasi --sysroot=/opt/wasi-sdk/share/wasi-sysroot -fPIC -fvisibility=default -O2'
ac_cv_env_CPPFLAGS_set=
ac_cv_env_CPPFLAGS_value=
ac_cv_env_CPP_FOR_BUILD_set=
ac_cv_env_CPP_FOR_BUILD_value=
ac_cv_env_CPP_set=
ac_cv_env_CPP_value=
ac_cv_env_CXXCPP_set=
ac_cv_env_CXXCPP_value=
ac_cv_env_CXXFLAGS_set=set
ac_cv_env_CXXFLAGS_value='--target=wasm32-wasi --sysroot=/opt/wasi-sdk/share/wasi-sysroot -fPIC -fvisibility=default -O2'
ac_cv_env_CXX_set=set
ac_cv_env_CXX_value=/opt/wasi-sdk/bin/clang++
ac_cv_env_LDFLAGS_set=set
ac_cv_env_LDFLAGS_value=-L/opt/wasi-sdk/share/wasi-sysroot/lib/wasm32-wasi
ac_cv_env_LIBS_set=
ac_cv_env_LIBS_value=
ac_cv_env_LT_SYS_LIBRARY_PATH_set=
ac_cv_env_LT_SYS_LIBRARY_PATH_value=
ac_cv_env_M4_set=
ac_cv_env_M4_value=
ac_cv_env_YACC_set=
ac_cv_env_YACC_value=
ac_cv_env_YFLAGS_set=
ac_cv_env_YFLAGS_value=
ac_cv_env_build_alias_set=
ac_cv_env_build_alias_value=
ac_cv_env_host_alias_set=set
ac_cv_env_host_alias_value=wasm32-wasi
ac_cv_env_target_alias_set=
ac_cv_env_target_alias_value=
ac_cv_host='(GNU MP wrapped config.sub, testing "wasm32-wasi")'

## ----------------- ##
## Output variables. ##
## ----------------- ##

ABI=''
ACLOCAL=''
AMTAR=''
AM_BACKSLASH=''
AM_DEFAULT_V=''
AM_DEFAULT_VERBOSITY=''
AM_V=''
AR='/opt/wasi-sdk/bin/llvm-ar'
AS=''
ASMFLAGS=''
AUTOCONF=''
AUTOHEADER=''
AUTOMAKE=''
AWK=''
CALLING_CONVENTIONS_OBJS=''
CC='/opt/wasi-sdk/bin/clang'
CCAS=''
CC_FOR_BUILD=''
CFLAGS='--target=wasm32-wasi --sysroot=/opt/wasi-sdk/share/wasi-sysroot -fPIC -fvisibility=default -O2'
CPP=''
CPPFLAGS=''
CPP_FOR_BUILD=''
CXX='/opt/wasi-sdk/bin/clang++'
CXXCPP=''
CXXFLAGS='--target=wasm32-wasi --sysroot=/opt/wasi-sdk/share/wasi-sysroot -fPIC -fvisibility=default -O2'
CYGPATH_W=''
DEFN_LONG_LONG_LIMB=''
DEFS=''
DLLTOOL=''
DSYMUTIL=''
DUMPBIN=''
ECHO_C=''
ECHO_N='-n'
ECHO_T=''
EGREP=''
ENABLE_STATIC_FALSE=''
ENABLE_STATIC_TRUE=''
EXEEXT=''
EXEEXT_FOR_BUILD=''
FGREP=''
GMP_LDFLAGS=''
GMP_LIMB_BITS=''
GMP_NAIL_BITS=''
GREP=''
HAVE_CLOCK_01=''
HAVE_CPUTIME_01=''
HAVE_GETRUSAGE_01=''
HAVE_GETTIMEOFDAY_01=''
HAVE_HOST_CPU_FAMILY_power=''
HAVE_HOST_CPU_FAMILY_powerpc=''
HAVE_SIGACTION_01=''
HAVE_SIGALTSTACK_01=''
HAVE_SIGSTACK_01=''
HAVE_STACK_T_01=''
HAVE_SYS_RESOURCE_H_01=''
INSTALL_DATA=''
INSTALL_PROGRAM=''
INSTALL_SCRIPT=''
INSTALL_STRIP_PROGRAM=''
LD=''
LDFLAGS='-L/opt/wasi-sdk/share/wasi-sysroot/lib/wasm32-wasi'
LEX=''
LEXLIB=''
LEX_OUTPUT_ROOT=''
LIBCURSES=''
LIBGMPXX_LDFLAGS=''
LIBGMP_DLL=''
LIBGMP_LDFLAGS=''
LIBM=''
LIBM_FOR_BUILD=''
LIBOBJS=''
LIBREADLINE=''
LIBS=''
LIBTOOL=''
LIPO=''
LN_S=''
LTLIBOBJS=''
LT_SYS_LIBRARY_PATH=''
M4=''
MAINT=''
MAINTAINER_MODE_FALSE=''
MAINTAINER_MODE_TRUE=''
MAKEINFO=''
MANIFEST_TOOL=''
MKDIR_P=''
NM=''
NMEDIT=''
OBJDUMP=''
OBJEXT=''
OTOOL64=''
OTOOL=''
PACKAGE=''
PACKAGE_BUGREPORT='gmp-bugs@gmplib.org, see https://gmplib.org/manual/Reporting-Bugs.html'
PACKAGE_NAME='GNU MP'
PACKAGE_STRING='GNU MP 6.1.2'
PACKAGE_TARNAME='gmp'
PACKAGE_URL='http://www.gnu.org/software/gmp/'
PACKAGE_VERSION='6.1.2'
PATH_SEPARATOR=':'
RANLIB='/opt/wasi-sdk/bin/llvm-ranlib'
SED=''
SET_MAKE=''
SHELL='/bin/sh'
SPEED_CYCLECOUNTER_OBJ=''
STRIP=''
TAL_OBJECT=''
TUNE_LIBS=''
TUNE_SQR_OBJ=''
U_FOR_BUILD=''
VERSION=''
WANT_CXX_FALSE=''
WANT_CXX_TRUE=''
WITH_READLINE_01=''
YACC=''
YFLAGS=''
ac_ct_AR=''
ac_ct_CC=''
ac_ct_CXX=''
ac_ct_DUMPBIN=''
am__EXEEXT_FALSE=''
am__EXEEXT_TRUE=''
am__isrc=''
am__leading_dot=''
am__tar=''
am__untar=''
bindir='${exec_prefix}/bin'
build='x86_64-pc-linux-gnu'
build_alias=''
build_cpu='x86_64'
build_os='linux-gnu'
build_vendor='pc'
datadir='${datarootdir}'
datarootdir='${prefix}/share'
docdir='${datarootdir}/doc/${PACKAGE_TARNAME}'
dvidir='${docdir}'
exec_prefix='NONE'
gmp_srclinks=''
host='wasm32-wasi'
host_alias='wasm32-wasi'
host_cpu=''
host_os=''
host_vendor=''
htmldir='${docdir}'
includedir='${prefix}/include'
infodir='${datarootdir}/info'
install_sh=''
libdir='${exec_prefix}/lib'
libexecdir='${exec_prefix}/libexec'
localedir='${datarootdir}/locale'
localstatedir='${prefix}/var'
mandir='${datarootdir}/man'
mkdir_p=''
mpn_objects=''
mpn_objs_in_libgmp=''
oldincludedir='/usr/include'
pdfdir='${docdir}'
prefix='/home/rboudrouss/Documents/mopsa-wasm/libs'
program_transform_name='s,x,x,'
psdir='${docdir}'
sbindir='${exec_prefix}/sbin'
sharedstatedir='${prefix}/com'
sysconfdir='${prefix}/etc'
target_alias=''

## ----------- ##
## confdefs.h. ##
## ----------- ##

/* confdefs.h */
#define PACKAGE_NAME "GNU MP"
#define PACKAGE_TARNAME "gmp"
#define PACKAGE_VERSION "6.1.2"
#define PACKAGE_STRING "GNU MP 6.1.2"
#define PACKAGE_BUGREPORT "gmp-bugs@gmplib.org, see https://gmplib.org/manual/Reporting-Bugs.html"
#define PACKAGE_URL "http://www.gnu.org/software/gmp/"

configure: exit 1
